To https://github.com/charluzzo91/pios-company-test.git
   e72cf1d..92d51a6  main -> main
[Mon May 18 18:00:03 EDT 2026] Sync complete.
To https://github.com/charluzzo91/digital-marketing-services.git
   269ed72..2293f3f  main -> main
[Mon May 18 19:00:03 EDT 2026] Sync complete.
To https://github.com/charluzzo91/digital-marketing-services.git
   2293f3f..3eed820  main -> main
[Mon May 18 20:00:04 EDT 2026] Sync complete.
To https://github.com/charluzzo91/digital-marketing-services.git
   3eed820..dc8f6a7  main -> main
[Mon May 18 21:00:04 EDT 2026] Sync complete.
To https://github.com/charluzzo91/digital-marketing-services.git
   dc8f6a7..6671072  main -> main
[Mon May 18 23:00:04 EDT 2026] Sync complete.
To https://github.com/charluzzo91/digital-marketing-services.git
   6671072..e84f053  main -> main
[Thu May 21 20:00:02 EDT 2026] Sync complete.
To https://github.com/charluzzo91/digital-marketing-services.git
   e84f053..934782e  main -> main
[Thu May 21 21:00:03 EDT 2026] Sync complete.
To https://github.com/charluzzo91/digital-marketing-services.git
   934782e..50d690e  main -> main
[Fri May 22 01:01:53 EDT 2026] Sync complete.
To https://github.com/charluzzo91/digital-marketing-services.git
   50d690e..e76d478  main -> main
[Sat May 23 01:00:03 EDT 2026] Sync complete.
To https://github.com/charluzzo91/digital-marketing-services.git
   e76d478..944de9a  main -> main
[Sat May 23 02:00:04 EDT 2026] Sync complete.
To https://github.com/charluzzo91/digital-marketing-services.git
   944de9a..6859dfd  main -> main
[Sun May 24 23:00:04 EDT 2026] Sync complete.
To https://github.com/charluzzo91/digital-marketing-services.git
   6859dfd..21b4cf4  main -> main
[Mon May 25 00:00:03 EDT 2026] Sync complete.
To https://github.com/charluzzo91/digital-marketing-services.git
   21b4cf4..8d03aa8  main -> main
[Mon May 25 21:00:57 EDT 2026] Sync complete.
To https://github.com/charluzzo91/digital-marketing-services.git
   8d03aa8..23ed2b7  main -> main
[Mon May 25 22:00:04 EDT 2026] Sync complete.
To https://github.com/charluzzo91/digital-marketing-services.git
   23ed2b7..47ea6de  main -> main
[Thu May 28 20:00:04 EDT 2026] Sync complete.
To https://github.com/charluzzo91/digital-marketing-services.git
   47ea6de..1f09e2d  main -> main
[Thu May 28 21:00:02 EDT 2026] Sync complete.
To https://github.com/charluzzo91/digital-marketing-services.git
   1f09e2d..3259b29  main -> main
[Thu May 28 22:00:03 EDT 2026] Sync complete.
To https://github.com/charluzzo91/digital-marketing-services.git
   3259b29..e40e13f  main -> main
[Mon Jun  1 14:00:07 EDT 2026] Sync complete.
To https://github.com/charluzzo91/digital-marketing-services.git
   e40e13f..ad9dbc4  main -> main
[Mon Jun  1 15:00:05 EDT 2026] Sync complete.
To https://github.com/charluzzo91/digital-marketing-services.git
   ad9dbc4..5a97b32  main -> main
[Wed Jun  3 10:35:06 EDT 2026] Sync complete.
To https://github.com/charluzzo91/digital-marketing-services.git
   5a97b32..0e0aeb4  main -> main
[Mon Jun  8 11:00:05 EDT 2026] Sync complete.
To https://github.com/charluzzo91/digital-marketing-services.git
   0e0aeb4..49424c2  main -> main
[Mon Jun  8 12:00:05 EDT 2026] Sync complete.
To https://github.com/charluzzo91/digital-marketing-services.git
   49424c2..3f3a5cf  main -> main
[Mon Jun 22 11:00:05 EDT 2026] Sync complete.
To https://github.com/charluzzo91/digital-marketing-services.git
   3f3a5cf..69c57cd  main -> main
[Mon Jun 22 12:00:04 EDT 2026] Sync complete.
To https://github.com/charluzzo91/digital-marketing-services.git
   69c57cd..c21d943  main -> main
[Mon Jun 22 13:00:04 EDT 2026] Sync complete.
To https://github.com/charluzzo91/digital-marketing-services.git
   c21d943..682c8a0  main -> main
[Tue Jun 23 11:00:04 EDT 2026] Sync complete.
To https://github.com/charluzzo91/digital-marketing-services.git
   682c8a0..0997330  main -> main
[Tue Jun 23 13:00:04 EDT 2026] Sync complete.
To https://github.com/charluzzo91/digital-marketing-services.git
   0997330..2422168  main -> main
[Wed Jun 24 11:00:04 EDT 2026] Sync complete.
fatal: unable to access 'https://github.com/charluzzo91/digital-marketing-services.git/': Could not resolve host: github.com
[Wed Jun 24 12:00:39 EDT 2026] Sync complete.
To https://github.com/charluzzo91/digital-marketing-services.git
   2422168..151ca42  main -> main
[Thu Jun 25 17:00:03 EDT 2026] Sync complete.
To https://github.com/charluzzo91/digital-marketing-services.git
   151ca42..57dd132  main -> main
[Mon Jun 29 13:00:03 EDT 2026] Sync complete.
To https://github.com/charluzzo91/digital-marketing-services.git
   57dd132..15504be  main -> main
[Mon Jun 29 14:00:03 EDT 2026] Sync complete.
To https://github.com/charluzzo91/digital-marketing-services.git
   15504be..a581c9a  main -> main
[Tue Jun 30 11:00:03 EDT 2026] Sync complete.
To https://github.com/charluzzo91/digital-marketing-services.git
   a581c9a..7054fa1  main -> main
[Tue Jun 30 12:00:04 EDT 2026] Sync complete.
To https://github.com/charluzzo91/digital-marketing-services.git
   7054fa1..868f09a  main -> main
[Wed Jul  1 11:00:03 EDT 2026] Sync complete.
To https://github.com/charluzzo91/digital-marketing-services.git
   868f09a..239fd90  main -> main
[Wed Jul  1 12:00:04 EDT 2026] Sync complete.
To https://github.com/charluzzo91/digital-marketing-services.git
   239fd90..5c43947  main -> main
[Wed Jul  1 13:00:02 EDT 2026] Sync complete.
To https://github.com/charluzzo91/digital-marketing-services.git
   5c43947..b7f6d89  main -> main
[Wed Jul  1 14:00:03 EDT 2026] Sync complete.
To https://github.com/charluzzo91/digital-marketing-services.git
   b7f6d89..7b27d2e  main -> main
[Wed Jul  1 15:00:02 EDT 2026] Sync complete.
To https://github.com/charluzzo91/digital-marketing-services.git
   7b27d2e..175e984  main -> main
[Fri Jul  3 12:00:03 EDT 2026] Sync complete.
To https://github.com/charluzzo91/digital-marketing-services.git
   175e984..7038e26  main -> main
[Fri Jul  3 13:00:03 EDT 2026] Sync complete.
To https://github.com/charluzzo91/digital-marketing-services.git
   7038e26..4a79a6f  main -> main
[Fri Jul  3 15:00:36 EDT 2026] Sync complete.
To https://github.com/charluzzo91/digital-marketing-services.git
   4a79a6f..5763d8c  main -> main
[Fri Jul  3 19:00:02 EDT 2026] Sync complete.
To https://github.com/charluzzo91/digital-marketing-services.git
   5763d8c..161432c  main -> main
[Fri Jul  3 20:00:02 EDT 2026] Sync complete.
To https://github.com/charluzzo91/digital-marketing-services.git
   161432c..717904f  main -> main
[Fri Jul  3 21:00:02 EDT 2026] Sync complete.
To https://github.com/charluzzo91/digital-marketing-services.git
   717904f..4419942  main -> main
[Fri Jul  3 22:00:02 EDT 2026] Sync complete.
To https://github.com/charluzzo91/digital-marketing-services.git
   4419942..8e86484  main -> main
[Sat Jul  4 00:00:03 EDT 2026] Sync complete.
To https://github.com/charluzzo91/digital-marketing-services.git
   8e86484..c7219a8  main -> main
[Sat Jul  4 01:00:03 EDT 2026] Sync complete.
To https://github.com/charluzzo91/digital-marketing-services.git
   c7219a8..0e3bc9d  main -> main
[Tue Jul  7 19:00:03 EDT 2026] Sync complete.
To https://github.com/charluzzo91/digital-marketing-services.git
   0e3bc9d..4690c38  main -> main
[Tue Jul  7 20:00:02 EDT 2026] Sync complete.
To https://github.com/charluzzo91/digital-marketing-services.git
   4690c38..861d1f2  main -> main
[Tue Jul  7 21:00:02 EDT 2026] Sync complete.
To https://github.com/charluzzo91/digital-marketing-services.git
   861d1f2..4a201c5  main -> main
[Tue Jul  7 22:00:02 EDT 2026] Sync complete.
To https://github.com/charluzzo91/digital-marketing-services.git
   4a201c5..a353f16  main -> main
[Tue Jul  7 23:00:03 EDT 2026] Sync complete.
To https://github.com/charluzzo91/digital-marketing-services.git
   a353f16..6aaa6b9  main -> main
[Wed Jul  8 00:00:02 EDT 2026] Sync complete.
To https://github.com/charluzzo91/digital-marketing-services.git
   6aaa6b9..6353ba0  main -> main
[Wed Jul  8 01:00:03 EDT 2026] Sync complete.
To https://github.com/charluzzo91/digital-marketing-services.git
   6353ba0..ecebf7c  main -> main
[Wed Jul  8 02:00:02 EDT 2026] Sync complete.
To https://github.com/charluzzo91/digital-marketing-services.git
   ecebf7c..ebbc0d3  main -> main
[Wed Jul  8 18:00:03 EDT 2026] Sync complete.
To https://github.com/charluzzo91/digital-marketing-services.git
   ebbc0d3..d315446  main -> main
[Thu Jul  9 02:00:03 EDT 2026] Sync complete.
To https://github.com/charluzzo91/digital-marketing-services.git
   d315446..efc1fcf  main -> main
[Thu Jul  9 03:00:03 EDT 2026] Sync complete.
To https://github.com/charluzzo91/digital-marketing-services.git
   efc1fcf..9a91392  main -> main
[Fri Jul 10 00:00:02 EDT 2026] Sync complete.
To https://github.com/charluzzo91/digital-marketing-services.git
   9a91392..53ae45c  main -> main
[Fri Jul 10 01:00:02 EDT 2026] Sync complete.
To https://github.com/charluzzo91/digital-marketing-services.git
   53ae45c..d41174b  main -> main
[Fri Jul 10 02:00:03 EDT 2026] Sync complete.
To https://github.com/charluzzo91/digital-marketing-services.git
   d41174b..f39ef70  main -> main
[Sat Jul 11 03:00:04 EDT 2026] Sync complete.
To https://github.com/charluzzo91/digital-marketing-services.git
   f39ef70..33c8e64  main -> main
[Sat Jul 11 04:00:02 EDT 2026] Sync complete.
To https://github.com/charluzzo91/digital-marketing-services.git
   33c8e64..44e94aa  main -> main
[Mon Jul 13 23:00:04 EDT 2026] Sync complete.
To https://github.com/charluzzo91/digital-marketing-services.git
   44e94aa..68a233f  main -> main
[Tue Jul 14 00:00:02 EDT 2026] Sync complete.
To https://github.com/charluzzo91/digital-marketing-services.git
   68a233f..14ec933  main -> main
[Tue Jul 14 01:00:02 EDT 2026] Sync complete.
To https://github.com/charluzzo91/digital-marketing-services.git
   14ec933..e96b6e5  main -> main
[Tue Jul 14 02:00:03 EDT 2026] Sync complete.
